source: |-
  (define string "hello world")
  (write string)
input: |-
  input
log: |
  DEBUG    root:machine.py:248 {TICK: 0, PROGRAMM_COUNTER: 0, DATA_ADDR: 0Z: True, TOS: null 0, WRITE: 0, READ: 0 } push 2
  DEBUG    root:machine.py:152 {TICK: 0, PROGRAMM_COUNTER: 0, DATA_ADDR: 0Z: True, TOS: 0 0, WRITE: 0, READ: 0 } push 2
  DEBUG    root:machine.py:152 {TICK: 1, PROGRAMM_COUNTER: 1, DATA_ADDR: 0Z: False, TOS: 0 2, WRITE: 0, READ: 0 } push 104
  DEBUG    root:machine.py:152 {TICK: 2, PROGRAMM_COUNTER: 1, DATA_ADDR: 0Z: True, TOS: 2 0, WRITE: 0, READ: 0 } push 104
  DEBUG    root:machine.py:152 {TICK: 3, PROGRAMM_COUNTER: 2, DATA_ADDR: 0Z: False, TOS: 2 104, WRITE: 0, READ: 0 } ld None
  DEBUG    root:machine.py:152 {TICK: 4, PROGRAMM_COUNTER: 2, DATA_ADDR: 2Z: False, TOS: 2 104, WRITE: 0, READ: 0 } ld None
  DEBUG    root:machine.py:152 {TICK: 5, PROGRAMM_COUNTER: 3, DATA_ADDR: 2Z: False, TOS: 2 104, WRITE: 0, READ: 0 } pop None
  DEBUG    root:machine.py:152 {TICK: 6, PROGRAMM_COUNTER: 4, DATA_ADDR: 2Z: False, TOS: 0 2, WRITE: 0, READ: 0 } pop None
  DEBUG    root:machine.py:152 {TICK: 7, PROGRAMM_COUNTER: 5, DATA_ADDR: 2Z: True, TOS: null 0, WRITE: 0, READ: 0 } push 3
  DEBUG    root:machine.py:152 {TICK: 8, PROGRAMM_COUNTER: 5, DATA_ADDR: 2Z: False, TOS: 0 2, WRITE: 0, READ: 0 } push 3
  DEBUG    root:machine.py:152 {TICK: 9, PROGRAMM_COUNTER: 6, DATA_ADDR: 2Z: False, TOS: 0 3, WRITE: 0, READ: 0 } push 101
  DEBUG    root:machine.py:152 {TICK: 10, PROGRAMM_COUNTER: 6, DATA_ADDR: 2Z: False, TOS: 3 104, WRITE: 0, READ: 0 } push 101
  DEBUG    root:machine.py:152 {TICK: 11, PROGRAMM_COUNTER: 7, DATA_ADDR: 2Z: False, TOS: 3 101, WRITE: 0, READ: 0 } ld None
  DEBUG    root:machine.py:152 {TICK: 12, PROGRAMM_COUNTER: 7, DATA_ADDR: 3Z: False, TOS: 3 101, WRITE: 0, READ: 0 } ld None
  DEBUG    root:machine.py:152 {TICK: 13, PROGRAMM_COUNTER: 8, DATA_ADDR: 3Z: False, TOS: 3 101, WRITE: 0, READ: 0 } pop None
  DEBUG    root:machine.py:152 {TICK: 14, PROGRAMM_COUNTER: 9, DATA_ADDR: 3Z: False, TOS: 0 3, WRITE: 0, READ: 0 } pop None
  DEBUG    root:machine.py:152 {TICK: 15, PROGRAMM_COUNTER: 10, DATA_ADDR: 3Z: True, TOS: null 0, WRITE: 0, READ: 0 } push 4
  DEBUG    root:machine.py:152 {TICK: 16, PROGRAMM_COUNTER: 10, DATA_ADDR: 3Z: False, TOS: 0 3, WRITE: 0, READ: 0 } push 4
  DEBUG    root:machine.py:152 {TICK: 17, PROGRAMM_COUNTER: 11, DATA_ADDR: 3Z: False, TOS: 0 4, WRITE: 0, READ: 0 } push 108
  DEBUG    root:machine.py:152 {TICK: 18, PROGRAMM_COUNTER: 11, DATA_ADDR: 3Z: False, TOS: 4 101, WRITE: 0, READ: 0 } push 108
  DEBUG    root:machine.py:152 {TICK: 19, PROGRAMM_COUNTER: 12, DATA_ADDR: 3Z: False, TOS: 4 108, WRITE: 0, READ: 0 } ld None
  DEBUG    root:machine.py:152 {TICK: 20, PROGRAMM_COUNTER: 12, DATA_ADDR: 4Z: False, TOS: 4 108, WRITE: 0, READ: 0 } ld None
  DEBUG    root:machine.py:152 {TICK: 21, PROGRAMM_COUNTER: 13, DATA_ADDR: 4Z: False, TOS: 4 108, WRITE: 0, READ: 0 } pop None
  DEBUG    root:machine.py:152 {TICK: 22, PROGRAMM_COUNTER: 14, DATA_ADDR: 4Z: False, TOS: 0 4, WRITE: 0, READ: 0 } pop None
  DEBUG    root:machine.py:152 {TICK: 23, PROGRAMM_COUNTER: 15, DATA_ADDR: 4Z: True, TOS: null 0, WRITE: 0, READ: 0 } push 5
  DEBUG    root:machine.py:152 {TICK: 24, PROGRAMM_COUNTER: 15, DATA_ADDR: 4Z: False, TOS: 0 4, WRITE: 0, READ: 0 } push 5
  DEBUG    root:machine.py:152 {TICK: 25, PROGRAMM_COUNTER: 16, DATA_ADDR: 4Z: False, TOS: 0 5, WRITE: 0, READ: 0 } push 108
  DEBUG    root:machine.py:152 {TICK: 26, PROGRAMM_COUNTER: 16, DATA_ADDR: 4Z: False, TOS: 5 108, WRITE: 0, READ: 0 } push 108
  DEBUG    root:machine.py:152 {TICK: 27, PROGRAMM_COUNTER: 17, DATA_ADDR: 4Z: False, TOS: 5 108, WRITE: 0, READ: 0 } ld None
  DEBUG    root:machine.py:152 {TICK: 28, PROGRAMM_COUNTER: 17, DATA_ADDR: 5Z: False, TOS: 5 108, WRITE: 0, READ: 0 } ld None
  DEBUG    root:machine.py:152 {TICK: 29, PROGRAMM_COUNTER: 18, DATA_ADDR: 5Z: False, TOS: 5 108, WRITE: 0, READ: 0 } pop None
  DEBUG    root:machine.py:152 {TICK: 30, PROGRAMM_COUNTER: 19, DATA_ADDR: 5Z: False, TOS: 0 5, WRITE: 0, READ: 0 } pop None
  DEBUG    root:machine.py:152 {TICK: 31, PROGRAMM_COUNTER: 20, DATA_ADDR: 5Z: True, TOS: null 0, WRITE: 0, READ: 0 } push 6
  DEBUG    root:machine.py:152 {TICK: 32, PROGRAMM_COUNTER: 20, DATA_ADDR: 5Z: False, TOS: 0 5, WRITE: 0, READ: 0 } push 6
  DEBUG    root:machine.py:152 {TICK: 33, PROGRAMM_COUNTER: 21, DATA_ADDR: 5Z: False, TOS: 0 6, WRITE: 0, READ: 0 } push 111
  DEBUG    root:machine.py:152 {TICK: 34, PROGRAMM_COUNTER: 21, DATA_ADDR: 5Z: False, TOS: 6 108, WRITE: 0, READ: 0 } push 111
  DEBUG    root:machine.py:152 {TICK: 35, PROGRAMM_COUNTER: 22, DATA_ADDR: 5Z: False, TOS: 6 111, WRITE: 0, READ: 0 } ld None
  DEBUG    root:machine.py:152 {TICK: 36, PROGRAMM_COUNTER: 22, DATA_ADDR: 6Z: False, TOS: 6 111, WRITE: 0, READ: 0 } ld None
  DEBUG    root:machine.py:152 {TICK: 37, PROGRAMM_COUNTER: 23, DATA_ADDR: 6Z: False, TOS: 6 111, WRITE: 0, READ: 0 } pop None
  DEBUG    root:machine.py:152 {TICK: 38, PROGRAMM_COUNTER: 24, DATA_ADDR: 6Z: False, TOS: 0 6, WRITE: 0, READ: 0 } pop None
  DEBUG    root:machine.py:152 {TICK: 39, PROGRAMM_COUNTER: 25, DATA_ADDR: 6Z: True, TOS: null 0, WRITE: 0, READ: 0 } push 7
  DEBUG    root:machine.py:152 {TICK: 40, PROGRAMM_COUNTER: 25, DATA_ADDR: 6Z: False, TOS: 0 6, WRITE: 0, READ: 0 } push 7
  DEBUG    root:machine.py:152 {TICK: 41, PROGRAMM_COUNTER: 26, DATA_ADDR: 6Z: False, TOS: 0 7, WRITE: 0, READ: 0 } push 32
  DEBUG    root:machine.py:152 {TICK: 42, PROGRAMM_COUNTER: 26, DATA_ADDR: 6Z: False, TOS: 7 111, WRITE: 0, READ: 0 } push 32
  DEBUG    root:machine.py:152 {TICK: 43, PROGRAMM_COUNTER: 27, DATA_ADDR: 6Z: False, TOS: 7 32, WRITE: 0, READ: 0 } ld None
  DEBUG    root:machine.py:152 {TICK: 44, PROGRAMM_COUNTER: 27, DATA_ADDR: 7Z: False, TOS: 7 32, WRITE: 0, READ: 0 } ld None
  DEBUG    root:machine.py:152 {TICK: 45, PROGRAMM_COUNTER: 28, DATA_ADDR: 7Z: False, TOS: 7 32, WRITE: 0, READ: 0 } pop None
  DEBUG    root:machine.py:152 {TICK: 46, PROGRAMM_COUNTER: 29, DATA_ADDR: 7Z: False, TOS: 0 7, WRITE: 0, READ: 0 } pop None
  DEBUG    root:machine.py:152 {TICK: 47, PROGRAMM_COUNTER: 30, DATA_ADDR: 7Z: True, TOS: null 0, WRITE: 0, READ: 0 } push 8
  DEBUG    root:machine.py:152 {TICK: 48, PROGRAMM_COUNTER: 30, DATA_ADDR: 7Z: False, TOS: 0 7, WRITE: 0, READ: 0 } push 8
  DEBUG    root:machine.py:152 {TICK: 49, PROGRAMM_COUNTER: 31, DATA_ADDR: 7Z: False, TOS: 0 8, WRITE: 0, READ: 0 } push 119
  DEBUG    root:machine.py:152 {TICK: 50, PROGRAMM_COUNTER: 31, DATA_ADDR: 7Z: False, TOS: 8 32, WRITE: 0, READ: 0 } push 119
  DEBUG    root:machine.py:152 {TICK: 51, PROGRAMM_COUNTER: 32, DATA_ADDR: 7Z: False, TOS: 8 119, WRITE: 0, READ: 0 } ld None
  DEBUG    root:machine.py:152 {TICK: 52, PROGRAMM_COUNTER: 32, DATA_ADDR: 8Z: False, TOS: 8 119, WRITE: 0, READ: 0 } ld None
  DEBUG    root:machine.py:152 {TICK: 53, PROGRAMM_COUNTER: 33, DATA_ADDR: 8Z: False, TOS: 8 119, WRITE: 0, READ: 0 } pop None
  DEBUG    root:machine.py:152 {TICK: 54, PROGRAMM_COUNTER: 34, DATA_ADDR: 8Z: False, TOS: 0 8, WRITE: 0, READ: 0 } pop None
  DEBUG    root:machine.py:152 {TICK: 55, PROGRAMM_COUNTER: 35, DATA_ADDR: 8Z: True, TOS: null 0, WRITE: 0, READ: 0 } push 9
  DEBUG    root:machine.py:152 {TICK: 56, PROGRAMM_COUNTER: 35, DATA_ADDR: 8Z: False, TOS: 0 8, WRITE: 0, READ: 0 } push 9
  DEBUG    root:machine.py:152 {TICK: 57, PROGRAMM_COUNTER: 36, DATA_ADDR: 8Z: False, TOS: 0 9, WRITE: 0, READ: 0 } push 111
  DEBUG    root:machine.py:152 {TICK: 58, PROGRAMM_COUNTER: 36, DATA_ADDR: 8Z: False, TOS: 9 119, WRITE: 0, READ: 0 } push 111
  DEBUG    root:machine.py:152 {TICK: 59, PROGRAMM_COUNTER: 37, DATA_ADDR: 8Z: False, TOS: 9 111, WRITE: 0, READ: 0 } ld None
  DEBUG    root:machine.py:152 {TICK: 60, PROGRAMM_COUNTER: 37, DATA_ADDR: 9Z: False, TOS: 9 111, WRITE: 0, READ: 0 } ld None
  DEBUG    root:machine.py:152 {TICK: 61, PROGRAMM_COUNTER: 38, DATA_ADDR: 9Z: False, TOS: 9 111, WRITE: 0, READ: 0 } pop None
  DEBUG    root:machine.py:152 {TICK: 62, PROGRAMM_COUNTER: 39, DATA_ADDR: 9Z: False, TOS: 0 9, WRITE: 0, READ: 0 } pop None
  DEBUG    root:machine.py:152 {TICK: 63, PROGRAMM_COUNTER: 40, DATA_ADDR: 9Z: True, TOS: null 0, WRITE: 0, READ: 0 } push 10
  DEBUG    root:machine.py:152 {TICK: 64, PROGRAMM_COUNTER: 40, DATA_ADDR: 9Z: False, TOS: 0 9, WRITE: 0, READ: 0 } push 10
  DEBUG    root:machine.py:152 {TICK: 65, PROGRAMM_COUNTER: 41, DATA_ADDR: 9Z: False, TOS: 0 10, WRITE: 0, READ: 0 } push 114
  DEBUG    root:machine.py:152 {TICK: 66, PROGRAMM_COUNTER: 41, DATA_ADDR: 9Z: False, TOS: 10 111, WRITE: 0, READ: 0 } push 114
  DEBUG    root:machine.py:152 {TICK: 67, PROGRAMM_COUNTER: 42, DATA_ADDR: 9Z: False, TOS: 10 114, WRITE: 0, READ: 0 } ld None
  DEBUG    root:machine.py:152 {TICK: 68, PROGRAMM_COUNTER: 42, DATA_ADDR: 10Z: False, TOS: 10 114, WRITE: 0, READ: 0 } ld None
  DEBUG    root:machine.py:152 {TICK: 69, PROGRAMM_COUNTER: 43, DATA_ADDR: 10Z: False, TOS: 10 114, WRITE: 0, READ: 0 } pop None
  DEBUG    root:machine.py:152 {TICK: 70, PROGRAMM_COUNTER: 44, DATA_ADDR: 10Z: False, TOS: 0 10, WRITE: 0, READ: 0 } pop None
  DEBUG    root:machine.py:152 {TICK: 71, PROGRAMM_COUNTER: 45, DATA_ADDR: 10Z: True, TOS: null 0, WRITE: 0, READ: 0 } push 11
  DEBUG    root:machine.py:152 {TICK: 72, PROGRAMM_COUNTER: 45, DATA_ADDR: 10Z: False, TOS: 0 10, WRITE: 0, READ: 0 } push 11
  DEBUG    root:machine.py:152 {TICK: 73, PROGRAMM_COUNTER: 46, DATA_ADDR: 10Z: False, TOS: 0 11, WRITE: 0, READ: 0 } push 108
  DEBUG    root:machine.py:152 {TICK: 74, PROGRAMM_COUNTER: 46, DATA_ADDR: 10Z: False, TOS: 11 114, WRITE: 0, READ: 0 } push 108
  DEBUG    root:machine.py:152 {TICK: 75, PROGRAMM_COUNTER: 47, DATA_ADDR: 10Z: False, TOS: 11 108, WRITE: 0, READ: 0 } ld None
  DEBUG    root:machine.py:152 {TICK: 76, PROGRAMM_COUNTER: 47, DATA_ADDR: 11Z: False, TOS: 11 108, WRITE: 0, READ: 0 } ld None
  DEBUG    root:machine.py:152 {TICK: 77, PROGRAMM_COUNTER: 48, DATA_ADDR: 11Z: False, TOS: 11 108, WRITE: 0, READ: 0 } pop None
  DEBUG    root:machine.py:152 {TICK: 78, PROGRAMM_COUNTER: 49, DATA_ADDR: 11Z: False, TOS: 0 11, WRITE: 0, READ: 0 } pop None
  DEBUG    root:machine.py:152 {TICK: 79, PROGRAMM_COUNTER: 50, DATA_ADDR: 11Z: True, TOS: null 0, WRITE: 0, READ: 0 } push 12
  DEBUG    root:machine.py:152 {TICK: 80, PROGRAMM_COUNTER: 50, DATA_ADDR: 11Z: False, TOS: 0 11, WRITE: 0, READ: 0 } push 12
  DEBUG    root:machine.py:152 {TICK: 81, PROGRAMM_COUNTER: 51, DATA_ADDR: 11Z: False, TOS: 0 12, WRITE: 0, READ: 0 } push 100
  DEBUG    root:machine.py:152 {TICK: 82, PROGRAMM_COUNTER: 51, DATA_ADDR: 11Z: False, TOS: 12 108, WRITE: 0, READ: 0 } push 100
  DEBUG    root:machine.py:152 {TICK: 83, PROGRAMM_COUNTER: 52, DATA_ADDR: 11Z: False, TOS: 12 100, WRITE: 0, READ: 0 } ld None
  DEBUG    root:machine.py:152 {TICK: 84, PROGRAMM_COUNTER: 52, DATA_ADDR: 12Z: False, TOS: 12 100, WRITE: 0, READ: 0 } ld None
  DEBUG    root:machine.py:152 {TICK: 85, PROGRAMM_COUNTER: 53, DATA_ADDR: 12Z: False, TOS: 12 100, WRITE: 0, READ: 0 } pop None
  DEBUG    root:machine.py:152 {TICK: 86, PROGRAMM_COUNTER: 54, DATA_ADDR: 12Z: False, TOS: 0 12, WRITE: 0, READ: 0 } pop None
  DEBUG    root:machine.py:152 {TICK: 87, PROGRAMM_COUNTER: 55, DATA_ADDR: 12Z: True, TOS: null 0, WRITE: 0, READ: 0 } push 13
  DEBUG    root:machine.py:152 {TICK: 88, PROGRAMM_COUNTER: 55, DATA_ADDR: 12Z: False, TOS: 0 12, WRITE: 0, READ: 0 } push 13
  DEBUG    root:machine.py:152 {TICK: 89, PROGRAMM_COUNTER: 56, DATA_ADDR: 12Z: False, TOS: 0 13, WRITE: 0, READ: 0 } push 0
  DEBUG    root:machine.py:152 {TICK: 90, PROGRAMM_COUNTER: 56, DATA_ADDR: 12Z: False, TOS: 13 100, WRITE: 0, READ: 0 } push 0
  DEBUG    root:machine.py:152 {TICK: 91, PROGRAMM_COUNTER: 57, DATA_ADDR: 12Z: True, TOS: 13 0, WRITE: 0, READ: 0 } ld None
  DEBUG    root:machine.py:152 {TICK: 92, PROGRAMM_COUNTER: 57, DATA_ADDR: 13Z: True, TOS: 13 0, WRITE: 0, READ: 0 } ld None
  DEBUG    root:machine.py:152 {TICK: 93, PROGRAMM_COUNTER: 58, DATA_ADDR: 13Z: True, TOS: 13 0, WRITE: 0, READ: 0 } pop None
  DEBUG    root:machine.py:152 {TICK: 94, PROGRAMM_COUNTER: 59, DATA_ADDR: 13Z: False, TOS: 0 13, WRITE: 0, READ: 0 } pop None
  DEBUG    root:machine.py:152 {TICK: 95, PROGRAMM_COUNTER: 60, DATA_ADDR: 13Z: True, TOS: null 0, WRITE: 0, READ: 0 } push 1
  DEBUG    root:machine.py:152 {TICK: 96, PROGRAMM_COUNTER: 60, DATA_ADDR: 13Z: False, TOS: 0 13, WRITE: 0, READ: 0 } push 1
  DEBUG    root:machine.py:152 {TICK: 97, PROGRAMM_COUNTER: 61, DATA_ADDR: 13Z: False, TOS: 0 1, WRITE: 0, READ: 0 } push 2
  DEBUG    root:machine.py:152 {TICK: 98, PROGRAMM_COUNTER: 61, DATA_ADDR: 13Z: True, TOS: 1 0, WRITE: 0, READ: 0 } push 2
  DEBUG    root:machine.py:152 {TICK: 99, PROGRAMM_COUNTER: 62, DATA_ADDR: 13Z: False, TOS: 1 2, WRITE: 0, READ: 0 } gt None
  DEBUG    root:machine.py:152 {TICK: 100, PROGRAMM_COUNTER: 62, DATA_ADDR: 2Z: False, TOS: 1 2, WRITE: 0, READ: 0 } gt None
  DEBUG    root:machine.py:152 {TICK: 101, PROGRAMM_COUNTER: 63, DATA_ADDR: 2Z: False, TOS: 1 104, WRITE: 0, READ: 0 } ld None
  DEBUG    root:machine.py:152 {TICK: 102, PROGRAMM_COUNTER: 63, DATA_ADDR: 1Z: False, TOS: 1 104, WRITE: 0, READ: 0 } ld None
  DEBUG    root:machine.py:152 {TICK: 103, PROGRAMM_COUNTER: 64, DATA_ADDR: 1Z: False, TOS: 1 104, WRITE: 104, READ: 0 } pop None
  DEBUG    root:machine.py:152 {TICK: 104, PROGRAMM_COUNTER: 65, DATA_ADDR: 1Z: False, TOS: 0 1, WRITE: 104, READ: 0 } pop None
  DEBUG    root:machine.py:152 {TICK: 105, PROGRAMM_COUNTER: 66, DATA_ADDR: 1Z: True, TOS: null 0, WRITE: 104, READ: 0 } push 1
  DEBUG    root:machine.py:152 {TICK: 106, PROGRAMM_COUNTER: 66, DATA_ADDR: 1Z: False, TOS: 0 1, WRITE: 104, READ: 0 } push 1
  DEBUG    root:machine.py:152 {TICK: 107, PROGRAMM_COUNTER: 67, DATA_ADDR: 1Z: False, TOS: 0 1, WRITE: 104, READ: 0 } push 3
  DEBUG    root:machine.py:152 {TICK: 108, PROGRAMM_COUNTER: 67, DATA_ADDR: 1Z: False, TOS: 1 104, WRITE: 104, READ: 0 } push 3
  DEBUG    root:machine.py:152 {TICK: 109, PROGRAMM_COUNTER: 68, DATA_ADDR: 1Z: False, TOS: 1 3, WRITE: 104, READ: 0 } gt None
  DEBUG    root:machine.py:152 {TICK: 110, PROGRAMM_COUNTER: 68, DATA_ADDR: 3Z: False, TOS: 1 3, WRITE: 104, READ: 0 } gt None
  DEBUG    root:machine.py:152 {TICK: 111, PROGRAMM_COUNTER: 69, DATA_ADDR: 3Z: False, TOS: 1 101, WRITE: 104, READ: 0 } ld None
  DEBUG    root:machine.py:152 {TICK: 112, PROGRAMM_COUNTER: 69, DATA_ADDR: 1Z: False, TOS: 1 101, WRITE: 104, READ: 0 } ld None
  DEBUG    root:machine.py:152 {TICK: 113, PROGRAMM_COUNTER: 70, DATA_ADDR: 1Z: False, TOS: 1 101, WRITE: 101, READ: 0 } pop None
  DEBUG    root:machine.py:152 {TICK: 114, PROGRAMM_COUNTER: 71, DATA_ADDR: 1Z: False, TOS: 0 1, WRITE: 101, READ: 0 } pop None
  DEBUG    root:machine.py:152 {TICK: 115, PROGRAMM_COUNTER: 72, DATA_ADDR: 1Z: True, TOS: null 0, WRITE: 101, READ: 0 } push 1
  DEBUG    root:machine.py:152 {TICK: 116, PROGRAMM_COUNTER: 72, DATA_ADDR: 1Z: False, TOS: 0 1, WRITE: 101, READ: 0 } push 1
  DEBUG    root:machine.py:152 {TICK: 117, PROGRAMM_COUNTER: 73, DATA_ADDR: 1Z: False, TOS: 0 1, WRITE: 101, READ: 0 } push 4
  DEBUG    root:machine.py:152 {TICK: 118, PROGRAMM_COUNTER: 73, DATA_ADDR: 1Z: False, TOS: 1 101, WRITE: 101, READ: 0 } push 4
  DEBUG    root:machine.py:152 {TICK: 119, PROGRAMM_COUNTER: 74, DATA_ADDR: 1Z: False, TOS: 1 4, WRITE: 101, READ: 0 } gt None
  DEBUG    root:machine.py:152 {TICK: 120, PROGRAMM_COUNTER: 74, DATA_ADDR: 4Z: False, TOS: 1 4, WRITE: 101, READ: 0 } gt None
  DEBUG    root:machine.py:152 {TICK: 121, PROGRAMM_COUNTER: 75, DATA_ADDR: 4Z: False, TOS: 1 108, WRITE: 101, READ: 0 } ld None
  DEBUG    root:machine.py:152 {TICK: 122, PROGRAMM_COUNTER: 75, DATA_ADDR: 1Z: False, TOS: 1 108, WRITE: 101, READ: 0 } ld None
  DEBUG    root:machine.py:152 {TICK: 123, PROGRAMM_COUNTER: 76, DATA_ADDR: 1Z: False, TOS: 1 108, WRITE: 108, READ: 0 } pop None
  DEBUG    root:machine.py:152 {TICK: 124, PROGRAMM_COUNTER: 77, DATA_ADDR: 1Z: False, TOS: 0 1, WRITE: 108, READ: 0 } pop None
  DEBUG    root:machine.py:152 {TICK: 125, PROGRAMM_COUNTER: 78, DATA_ADDR: 1Z: True, TOS: null 0, WRITE: 108, READ: 0 } push 1
  DEBUG    root:machine.py:152 {TICK: 126, PROGRAMM_COUNTER: 78, DATA_ADDR: 1Z: False, TOS: 0 1, WRITE: 108, READ: 0 } push 1
  DEBUG    root:machine.py:152 {TICK: 127, PROGRAMM_COUNTER: 79, DATA_ADDR: 1Z: False, TOS: 0 1, WRITE: 108, READ: 0 } push 5
  DEBUG    root:machine.py:152 {TICK: 128, PROGRAMM_COUNTER: 79, DATA_ADDR: 1Z: False, TOS: 1 108, WRITE: 108, READ: 0 } push 5
  DEBUG    root:machine.py:152 {TICK: 129, PROGRAMM_COUNTER: 80, DATA_ADDR: 1Z: False, TOS: 1 5, WRITE: 108, READ: 0 } gt None
  DEBUG    root:machine.py:152 {TICK: 130, PROGRAMM_COUNTER: 80, DATA_ADDR: 5Z: False, TOS: 1 5, WRITE: 108, READ: 0 } gt None
  DEBUG    root:machine.py:152 {TICK: 131, PROGRAMM_COUNTER: 81, DATA_ADDR: 5Z: False, TOS: 1 108, WRITE: 108, READ: 0 } ld None
  DEBUG    root:machine.py:152 {TICK: 132, PROGRAMM_COUNTER: 81, DATA_ADDR: 1Z: False, TOS: 1 108, WRITE: 108, READ: 0 } ld None
  DEBUG    root:machine.py:152 {TICK: 133, PROGRAMM_COUNTER: 82, DATA_ADDR: 1Z: False, TOS: 1 108, WRITE: 108, READ: 0 } pop None
  DEBUG    root:machine.py:152 {TICK: 134, PROGRAMM_COUNTER: 83, DATA_ADDR: 1Z: False, TOS: 0 1, WRITE: 108, READ: 0 } pop None
  DEBUG    root:machine.py:152 {TICK: 135, PROGRAMM_COUNTER: 84, DATA_ADDR: 1Z: True, TOS: null 0, WRITE: 108, READ: 0 } push 1
  DEBUG    root:machine.py:152 {TICK: 136, PROGRAMM_COUNTER: 84, DATA_ADDR: 1Z: False, TOS: 0 1, WRITE: 108, READ: 0 } push 1
  DEBUG    root:machine.py:152 {TICK: 137, PROGRAMM_COUNTER: 85, DATA_ADDR: 1Z: False, TOS: 0 1, WRITE: 108, READ: 0 } push 6
  DEBUG    root:machine.py:152 {TICK: 138, PROGRAMM_COUNTER: 85, DATA_ADDR: 1Z: False, TOS: 1 108, WRITE: 108, READ: 0 } push 6
  DEBUG    root:machine.py:152 {TICK: 139, PROGRAMM_COUNTER: 86, DATA_ADDR: 1Z: False, TOS: 1 6, WRITE: 108, READ: 0 } gt None
  DEBUG    root:machine.py:152 {TICK: 140, PROGRAMM_COUNTER: 86, DATA_ADDR: 6Z: False, TOS: 1 6, WRITE: 108, READ: 0 } gt None
  DEBUG    root:machine.py:152 {TICK: 141, PROGRAMM_COUNTER: 87, DATA_ADDR: 6Z: False, TOS: 1 111, WRITE: 108, READ: 0 } ld None
  DEBUG    root:machine.py:152 {TICK: 142, PROGRAMM_COUNTER: 87, DATA_ADDR: 1Z: False, TOS: 1 111, WRITE: 108, READ: 0 } ld None
  DEBUG    root:machine.py:152 {TICK: 143, PROGRAMM_COUNTER: 88, DATA_ADDR: 1Z: False, TOS: 1 111, WRITE: 111, READ: 0 } pop None
  DEBUG    root:machine.py:152 {TICK: 144, PROGRAMM_COUNTER: 89, DATA_ADDR: 1Z: False, TOS: 0 1, WRITE: 111, READ: 0 } pop None
  DEBUG    root:machine.py:152 {TICK: 145, PROGRAMM_COUNTER: 90, DATA_ADDR: 1Z: True, TOS: null 0, WRITE: 111, READ: 0 } push 1
  DEBUG    root:machine.py:152 {TICK: 146, PROGRAMM_COUNTER: 90, DATA_ADDR: 1Z: False, TOS: 0 1, WRITE: 111, READ: 0 } push 1
  DEBUG    root:machine.py:152 {TICK: 147, PROGRAMM_COUNTER: 91, DATA_ADDR: 1Z: False, TOS: 0 1, WRITE: 111, READ: 0 } push 7
  DEBUG    root:machine.py:152 {TICK: 148, PROGRAMM_COUNTER: 91, DATA_ADDR: 1Z: False, TOS: 1 111, WRITE: 111, READ: 0 } push 7
  DEBUG    root:machine.py:152 {TICK: 149, PROGRAMM_COUNTER: 92, DATA_ADDR: 1Z: False, TOS: 1 7, WRITE: 111, READ: 0 } gt None
  DEBUG    root:machine.py:152 {TICK: 150, PROGRAMM_COUNTER: 92, DATA_ADDR: 7Z: False, TOS: 1 7, WRITE: 111, READ: 0 } gt None
  DEBUG    root:machine.py:152 {TICK: 151, PROGRAMM_COUNTER: 93, DATA_ADDR: 7Z: False, TOS: 1 32, WRITE: 111, READ: 0 } ld None
  DEBUG    root:machine.py:152 {TICK: 152, PROGRAMM_COUNTER: 93, DATA_ADDR: 1Z: False, TOS: 1 32, WRITE: 111, READ: 0 } ld None
  DEBUG    root:machine.py:152 {TICK: 153, PROGRAMM_COUNTER: 94, DATA_ADDR: 1Z: False, TOS: 1 32, WRITE: 32, READ: 0 } pop None
  DEBUG    root:machine.py:152 {TICK: 154, PROGRAMM_COUNTER: 95, DATA_ADDR: 1Z: False, TOS: 0 1, WRITE: 32, READ: 0 } pop None
  DEBUG    root:machine.py:152 {TICK: 155, PROGRAMM_COUNTER: 96, DATA_ADDR: 1Z: True, TOS: null 0, WRITE: 32, READ: 0 } push 1
  DEBUG    root:machine.py:152 {TICK: 156, PROGRAMM_COUNTER: 96, DATA_ADDR: 1Z: False, TOS: 0 1, WRITE: 32, READ: 0 } push 1
  DEBUG    root:machine.py:152 {TICK: 157, PROGRAMM_COUNTER: 97, DATA_ADDR: 1Z: False, TOS: 0 1, WRITE: 32, READ: 0 } push 8
  DEBUG    root:machine.py:152 {TICK: 158, PROGRAMM_COUNTER: 97, DATA_ADDR: 1Z: False, TOS: 1 32, WRITE: 32, READ: 0 } push 8
  DEBUG    root:machine.py:152 {TICK: 159, PROGRAMM_COUNTER: 98, DATA_ADDR: 1Z: False, TOS: 1 8, WRITE: 32, READ: 0 } gt None
  DEBUG    root:machine.py:152 {TICK: 160, PROGRAMM_COUNTER: 98, DATA_ADDR: 8Z: False, TOS: 1 8, WRITE: 32, READ: 0 } gt None
  DEBUG    root:machine.py:152 {TICK: 161, PROGRAMM_COUNTER: 99, DATA_ADDR: 8Z: False, TOS: 1 119, WRITE: 32, READ: 0 } ld None
  DEBUG    root:machine.py:152 {TICK: 162, PROGRAMM_COUNTER: 99, DATA_ADDR: 1Z: False, TOS: 1 119, WRITE: 32, READ: 0 } ld None
  DEBUG    root:machine.py:152 {TICK: 163, PROGRAMM_COUNTER: 100, DATA_ADDR: 1Z: False, TOS: 1 119, WRITE: 119, READ: 0 } pop None
  DEBUG    root:machine.py:152 {TICK: 164, PROGRAMM_COUNTER: 101, DATA_ADDR: 1Z: False, TOS: 0 1, WRITE: 119, READ: 0 } pop None
  DEBUG    root:machine.py:152 {TICK: 165, PROGRAMM_COUNTER: 102, DATA_ADDR: 1Z: True, TOS: null 0, WRITE: 119, READ: 0 } push 1
  DEBUG    root:machine.py:152 {TICK: 166, PROGRAMM_COUNTER: 102, DATA_ADDR: 1Z: False, TOS: 0 1, WRITE: 119, READ: 0 } push 1
  DEBUG    root:machine.py:152 {TICK: 167, PROGRAMM_COUNTER: 103, DATA_ADDR: 1Z: False, TOS: 0 1, WRITE: 119, READ: 0 } push 9
  DEBUG    root:machine.py:152 {TICK: 168, PROGRAMM_COUNTER: 103, DATA_ADDR: 1Z: False, TOS: 1 119, WRITE: 119, READ: 0 } push 9
  DEBUG    root:machine.py:152 {TICK: 169, PROGRAMM_COUNTER: 104, DATA_ADDR: 1Z: False, TOS: 1 9, WRITE: 119, READ: 0 } gt None
  DEBUG    root:machine.py:152 {TICK: 170, PROGRAMM_COUNTER: 104, DATA_ADDR: 9Z: False, TOS: 1 9, WRITE: 119, READ: 0 } gt None
  DEBUG    root:machine.py:152 {TICK: 171, PROGRAMM_COUNTER: 105, DATA_ADDR: 9Z: False, TOS: 1 111, WRITE: 119, READ: 0 } ld None
  DEBUG    root:machine.py:152 {TICK: 172, PROGRAMM_COUNTER: 105, DATA_ADDR: 1Z: False, TOS: 1 111, WRITE: 119, READ: 0 } ld None
  DEBUG    root:machine.py:152 {TICK: 173, PROGRAMM_COUNTER: 106, DATA_ADDR: 1Z: False, TOS: 1 111, WRITE: 111, READ: 0 } pop None
  DEBUG    root:machine.py:152 {TICK: 174, PROGRAMM_COUNTER: 107, DATA_ADDR: 1Z: False, TOS: 0 1, WRITE: 111, READ: 0 } pop None
  DEBUG    root:machine.py:152 {TICK: 175, PROGRAMM_COUNTER: 108, DATA_ADDR: 1Z: True, TOS: null 0, WRITE: 111, READ: 0 } push 1
  DEBUG    root:machine.py:152 {TICK: 176, PROGRAMM_COUNTER: 108, DATA_ADDR: 1Z: False, TOS: 0 1, WRITE: 111, READ: 0 } push 1
  DEBUG    root:machine.py:152 {TICK: 177, PROGRAMM_COUNTER: 109, DATA_ADDR: 1Z: False, TOS: 0 1, WRITE: 111, READ: 0 } push 10
  DEBUG    root:machine.py:152 {TICK: 178, PROGRAMM_COUNTER: 109, DATA_ADDR: 1Z: False, TOS: 1 111, WRITE: 111, READ: 0 } push 10
  DEBUG    root:machine.py:152 {TICK: 179, PROGRAMM_COUNTER: 110, DATA_ADDR: 1Z: False, TOS: 1 10, WRITE: 111, READ: 0 } gt None
  DEBUG    root:machine.py:152 {TICK: 180, PROGRAMM_COUNTER: 110, DATA_ADDR: 10Z: False, TOS: 1 10, WRITE: 111, READ: 0 } gt None
  DEBUG    root:machine.py:152 {TICK: 181, PROGRAMM_COUNTER: 111, DATA_ADDR: 10Z: False, TOS: 1 114, WRITE: 111, READ: 0 } ld None
  DEBUG    root:machine.py:152 {TICK: 182, PROGRAMM_COUNTER: 111, DATA_ADDR: 1Z: False, TOS: 1 114, WRITE: 111, READ: 0 } ld None
  DEBUG    root:machine.py:152 {TICK: 183, PROGRAMM_COUNTER: 112, DATA_ADDR: 1Z: False, TOS: 1 114, WRITE: 114, READ: 0 } pop None
  DEBUG    root:machine.py:152 {TICK: 184, PROGRAMM_COUNTER: 113, DATA_ADDR: 1Z: False, TOS: 0 1, WRITE: 114, READ: 0 } pop None
  DEBUG    root:machine.py:152 {TICK: 185, PROGRAMM_COUNTER: 114, DATA_ADDR: 1Z: True, TOS: null 0, WRITE: 114, READ: 0 } push 1
  DEBUG    root:machine.py:152 {TICK: 186, PROGRAMM_COUNTER: 114, DATA_ADDR: 1Z: False, TOS: 0 1, WRITE: 114, READ: 0 } push 1
  DEBUG    root:machine.py:152 {TICK: 187, PROGRAMM_COUNTER: 115, DATA_ADDR: 1Z: False, TOS: 0 1, WRITE: 114, READ: 0 } push 11
  DEBUG    root:machine.py:152 {TICK: 188, PROGRAMM_COUNTER: 115, DATA_ADDR: 1Z: False, TOS: 1 114, WRITE: 114, READ: 0 } push 11
  DEBUG    root:machine.py:152 {TICK: 189, PROGRAMM_COUNTER: 116, DATA_ADDR: 1Z: False, TOS: 1 11, WRITE: 114, READ: 0 } gt None
  DEBUG    root:machine.py:152 {TICK: 190, PROGRAMM_COUNTER: 116, DATA_ADDR: 11Z: False, TOS: 1 11, WRITE: 114, READ: 0 } gt None
  DEBUG    root:machine.py:152 {TICK: 191, PROGRAMM_COUNTER: 117, DATA_ADDR: 11Z: False, TOS: 1 108, WRITE: 114, READ: 0 } ld None
  DEBUG    root:machine.py:152 {TICK: 192, PROGRAMM_COUNTER: 117, DATA_ADDR: 1Z: False, TOS: 1 108, WRITE: 114, READ: 0 } ld None
  DEBUG    root:machine.py:152 {TICK: 193, PROGRAMM_COUNTER: 118, DATA_ADDR: 1Z: False, TOS: 1 108, WRITE: 108, READ: 0 } pop None
  DEBUG    root:machine.py:152 {TICK: 194, PROGRAMM_COUNTER: 119, DATA_ADDR: 1Z: False, TOS: 0 1, WRITE: 108, READ: 0 } pop None
  DEBUG    root:machine.py:152 {TICK: 195, PROGRAMM_COUNTER: 120, DATA_ADDR: 1Z: True, TOS: null 0, WRITE: 108, READ: 0 } push 1
  DEBUG    root:machine.py:152 {TICK: 196, PROGRAMM_COUNTER: 120, DATA_ADDR: 1Z: False, TOS: 0 1, WRITE: 108, READ: 0 } push 1
  DEBUG    root:machine.py:152 {TICK: 197, PROGRAMM_COUNTER: 121, DATA_ADDR: 1Z: False, TOS: 0 1, WRITE: 108, READ: 0 } push 12
  DEBUG    root:machine.py:152 {TICK: 198, PROGRAMM_COUNTER: 121, DATA_ADDR: 1Z: False, TOS: 1 108, WRITE: 108, READ: 0 } push 12
  DEBUG    root:machine.py:152 {TICK: 199, PROGRAMM_COUNTER: 122, DATA_ADDR: 1Z: False, TOS: 1 12, WRITE: 108, READ: 0 } gt None
  DEBUG    root:machine.py:152 {TICK: 200, PROGRAMM_COUNTER: 122, DATA_ADDR: 12Z: False, TOS: 1 12, WRITE: 108, READ: 0 } gt None
  DEBUG    root:machine.py:152 {TICK: 201, PROGRAMM_COUNTER: 123, DATA_ADDR: 12Z: False, TOS: 1 100, WRITE: 108, READ: 0 } ld None
  DEBUG    root:machine.py:152 {TICK: 202, PROGRAMM_COUNTER: 123, DATA_ADDR: 1Z: False, TOS: 1 100, WRITE: 108, READ: 0 } ld None
  DEBUG    root:machine.py:152 {TICK: 203, PROGRAMM_COUNTER: 124, DATA_ADDR: 1Z: False, TOS: 1 100, WRITE: 100, READ: 0 } pop None
  DEBUG    root:machine.py:152 {TICK: 204, PROGRAMM_COUNTER: 125, DATA_ADDR: 1Z: False, TOS: 0 1, WRITE: 100, READ: 0 } pop None
  DEBUG    root:machine.py:152 {TICK: 205, PROGRAMM_COUNTER: 126, DATA_ADDR: 1Z: True, TOS: null 0, WRITE: 100, READ: 0 } hlt None
  INFO     root:machine.py:258 Output buffer: '[104, 101, 108, 108, 111, 32, 119, 111, 114, 108, 100]'
output: |
  ============================================================
  ['h', 'e', 'l', 'l', 'o', ' ', 'w', 'o', 'r', 'l', 'd']
  [104, 101, 108, 108, 111, 32, 119, 111, 114, 108, 100]
  Instruction Counter: 126 Ticks: 206
code: |
  {"opcode": "push", "arg": 2}
  {"opcode": "push", "arg": 104}
  {"opcode": "ld", "arg": null}
  {"opcode": "pop", "arg": null}
  {"opcode": "pop", "arg": null}
  {"opcode": "push", "arg": 3}
  {"opcode": "push", "arg": 101}
  {"opcode": "ld", "arg": null}
  {"opcode": "pop", "arg": null}
  {"opcode": "pop", "arg": null}
  {"opcode": "push", "arg": 4}
  {"opcode": "push", "arg": 108}
  {"opcode": "ld", "arg": null}
  {"opcode": "pop", "arg": null}
  {"opcode": "pop", "arg": null}
  {"opcode": "push", "arg": 5}
  {"opcode": "push", "arg": 108}
  {"opcode": "ld", "arg": null}
  {"opcode": "pop", "arg": null}
  {"opcode": "pop", "arg": null}
  {"opcode": "push", "arg": 6}
  {"opcode": "push", "arg": 111}
  {"opcode": "ld", "arg": null}
  {"opcode": "pop", "arg": null}
  {"opcode": "pop", "arg": null}
  {"opcode": "push", "arg": 7}
  {"opcode": "push", "arg": 32}
  {"opcode": "ld", "arg": null}
  {"opcode": "pop", "arg": null}
  {"opcode": "pop", "arg": null}
  {"opcode": "push", "arg": 8}
  {"opcode": "push", "arg": 119}
  {"opcode": "ld", "arg": null}
  {"opcode": "pop", "arg": null}
  {"opcode": "pop", "arg": null}
  {"opcode": "push", "arg": 9}
  {"opcode": "push", "arg": 111}
  {"opcode": "ld", "arg": null}
  {"opcode": "pop", "arg": null}
  {"opcode": "pop", "arg": null}
  {"opcode": "push", "arg": 10}
  {"opcode": "push", "arg": 114}
  {"opcode": "ld", "arg": null}
  {"opcode": "pop", "arg": null}
  {"opcode": "pop", "arg": null}
  {"opcode": "push", "arg": 11}
  {"opcode": "push", "arg": 108}
  {"opcode": "ld", "arg": null}
  {"opcode": "pop", "arg": null}
  {"opcode": "pop", "arg": null}
  {"opcode": "push", "arg": 12}
  {"opcode": "push", "arg": 100}
  {"opcode": "ld", "arg": null}
  {"opcode": "pop", "arg": null}
  {"opcode": "pop", "arg": null}
  {"opcode": "push", "arg": 13}
  {"opcode": "push", "arg": 0}
  {"opcode": "ld", "arg": null}
  {"opcode": "pop", "arg": null}
  {"opcode": "pop", "arg": null}
  {"opcode": "push", "arg": 1}
  {"opcode": "push", "arg": 2}
  {"opcode": "gt", "arg": null}
  {"opcode": "ld", "arg": null}
  {"opcode": "pop", "arg": null}
  {"opcode": "pop", "arg": null}
  {"opcode": "push", "arg": 1}
  {"opcode": "push", "arg": 3}
  {"opcode": "gt", "arg": null}
  {"opcode": "ld", "arg": null}
  {"opcode": "pop", "arg": null}
  {"opcode": "pop", "arg": null}
  {"opcode": "push", "arg": 1}
  {"opcode": "push", "arg": 4}
  {"opcode": "gt", "arg": null}
  {"opcode": "ld", "arg": null}
  {"opcode": "pop", "arg": null}
  {"opcode": "pop", "arg": null}
  {"opcode": "push", "arg": 1}
  {"opcode": "push", "arg": 5}
  {"opcode": "gt", "arg": null}
  {"opcode": "ld", "arg": null}
  {"opcode": "pop", "arg": null}
  {"opcode": "pop", "arg": null}
  {"opcode": "push", "arg": 1}
  {"opcode": "push", "arg": 6}
  {"opcode": "gt", "arg": null}
  {"opcode": "ld", "arg": null}
  {"opcode": "pop", "arg": null}
  {"opcode": "pop", "arg": null}
  {"opcode": "push", "arg": 1}
  {"opcode": "push", "arg": 7}
  {"opcode": "gt", "arg": null}
  {"opcode": "ld", "arg": null}
  {"opcode": "pop", "arg": null}
  {"opcode": "pop", "arg": null}
  {"opcode": "push", "arg": 1}
  {"opcode": "push", "arg": 8}
  {"opcode": "gt", "arg": null}
  {"opcode": "ld", "arg": null}
  {"opcode": "pop", "arg": null}
  {"opcode": "pop", "arg": null}
  {"opcode": "push", "arg": 1}
  {"opcode": "push", "arg": 9}
  {"opcode": "gt", "arg": null}
  {"opcode": "ld", "arg": null}
  {"opcode": "pop", "arg": null}
  {"opcode": "pop", "arg": null}
  {"opcode": "push", "arg": 1}
  {"opcode": "push", "arg": 10}
  {"opcode": "gt", "arg": null}
  {"opcode": "ld", "arg": null}
  {"opcode": "pop", "arg": null}
  {"opcode": "pop", "arg": null}
  {"opcode": "push", "arg": 1}
  {"opcode": "push", "arg": 11}
  {"opcode": "gt", "arg": null}
  {"opcode": "ld", "arg": null}
  {"opcode": "pop", "arg": null}
  {"opcode": "pop", "arg": null}
  {"opcode": "push", "arg": 1}
  {"opcode": "push", "arg": 12}
  {"opcode": "gt", "arg": null}
  {"opcode": "ld", "arg": null}
  {"opcode": "pop", "arg": null}
  {"opcode": "pop", "arg": null}
  {"opcode": "hlt", "arg": null}
