a: |
  10
b: |
  5
operation: |
  add
result: |
  15
