a: |
  10
b: |
  5
operation: |
  div
result: |
  2
