a: |
  10
b: |
  5
operation: |
  mul
result: |
  50
