a: |
  10
b: |
  5
operation: |
  sub
result: |
  5
