source: |-
  (define input 0)
  (define i 0)
  (
      loop
      (< i 4)
      (
          (read input)
          (write input)
          (setq i (+ i 1))
      )
  )
code: |
  {"opcode": "push", "arg": 2}
  {"opcode": "push", "arg": 0}
  {"opcode": "ld", "arg": null}
  {"opcode": "pop", "arg": null}
  {"opcode": "pop", "arg": null}
  {"opcode": "push", "arg": 3}
  {"opcode": "push", "arg": 0}
  {"opcode": "ld", "arg": null}
  {"opcode": "pop", "arg": null}
  {"opcode": "pop", "arg": null}
  {"opcode": "push", "arg": 3}
  {"opcode": "gt", "arg": null}
  {"opcode": "push", "arg": 4}
  {"opcode": "blt", "arg": null}
  {"opcode": "jz", "arg": 37}
  {"opcode": "pop", "arg": null}
  {"opcode": "push", "arg": 2}
  {"opcode": "push", "arg": 0}
  {"opcode": "gt", "arg": null}
  {"opcode": "ld", "arg": null}
  {"opcode": "pop", "arg": null}
  {"opcode": "pop", "arg": null}
  {"opcode": "push", "arg": 1}
  {"opcode": "push", "arg": 2}
  {"opcode": "gt", "arg": null}
  {"opcode": "ld", "arg": null}
  {"opcode": "pop", "arg": null}
  {"opcode": "pop", "arg": null}
  {"opcode": "push", "arg": 3}
  {"opcode": "push", "arg": 3}
  {"opcode": "gt", "arg": null}
  {"opcode": "push", "arg": 1}
  {"opcode": "add", "arg": null}
  {"opcode": "ld", "arg": null}
  {"opcode": "pop", "arg": null}
  {"opcode": "pop", "arg": null}
  {"opcode": "jump", "arg": 10}
  {"opcode": "pop", "arg": null}
  {"opcode": "hlt", "arg": null}
