source: |-
  (define string "hello world")
  (write string)
code: |
  {"opcode": "push", "arg": 2}
  {"opcode": "push", "arg": 104}
  {"opcode": "ld", "arg": null}
  {"opcode": "pop", "arg": null}
  {"opcode": "pop", "arg": null}
  {"opcode": "push", "arg": 3}
  {"opcode": "push", "arg": 101}
  {"opcode": "ld", "arg": null}
  {"opcode": "pop", "arg": null}
  {"opcode": "pop", "arg": null}
  {"opcode": "push", "arg": 4}
  {"opcode": "push", "arg": 108}
  {"opcode": "ld", "arg": null}
  {"opcode": "pop", "arg": null}
  {"opcode": "pop", "arg": null}
  {"opcode": "push", "arg": 5}
  {"opcode": "push", "arg": 108}
  {"opcode": "ld", "arg": null}
  {"opcode": "pop", "arg": null}
  {"opcode": "pop", "arg": null}
  {"opcode": "push", "arg": 6}
  {"opcode": "push", "arg": 111}
  {"opcode": "ld", "arg": null}
  {"opcode": "pop", "arg": null}
  {"opcode": "pop", "arg": null}
  {"opcode": "push", "arg": 7}
  {"opcode": "push", "arg": 32}
  {"opcode": "ld", "arg": null}
  {"opcode": "pop", "arg": null}
  {"opcode": "pop", "arg": null}
  {"opcode": "push", "arg": 8}
  {"opcode": "push", "arg": 119}
  {"opcode": "ld", "arg": null}
  {"opcode": "pop", "arg": null}
  {"opcode": "pop", "arg": null}
  {"opcode": "push", "arg": 9}
  {"opcode": "push", "arg": 111}
  {"opcode": "ld", "arg": null}
  {"opcode": "pop", "arg": null}
  {"opcode": "pop", "arg": null}
  {"opcode": "push", "arg": 10}
  {"opcode": "push", "arg": 114}
  {"opcode": "ld", "arg": null}
  {"opcode": "pop", "arg": null}
  {"opcode": "pop", "arg": null}
  {"opcode": "push", "arg": 11}
  {"opcode": "push", "arg": 108}
  {"opcode": "ld", "arg": null}
  {"opcode": "pop", "arg": null}
  {"opcode": "pop", "arg": null}
  {"opcode": "push", "arg": 12}
  {"opcode": "push", "arg": 100}
  {"opcode": "ld", "arg": null}
  {"opcode": "pop", "arg": null}
  {"opcode": "pop", "arg": null}
  {"opcode": "push", "arg": 13}
  {"opcode": "push", "arg": 0}
  {"opcode": "ld", "arg": null}
  {"opcode": "pop", "arg": null}
  {"opcode": "pop", "arg": null}
  {"opcode": "push", "arg": 1}
  {"opcode": "push", "arg": 2}
  {"opcode": "gt", "arg": null}
  {"opcode": "ld", "arg": null}
  {"opcode": "pop", "arg": null}
  {"opcode": "pop", "arg": null}
  {"opcode": "push", "arg": 1}
  {"opcode": "push", "arg": 3}
  {"opcode": "gt", "arg": null}
  {"opcode": "ld", "arg": null}
  {"opcode": "pop", "arg": null}
  {"opcode": "pop", "arg": null}
  {"opcode": "push", "arg": 1}
  {"opcode": "push", "arg": 4}
  {"opcode": "gt", "arg": null}
  {"opcode": "ld", "arg": null}
  {"opcode": "pop", "arg": null}
  {"opcode": "pop", "arg": null}
  {"opcode": "push", "arg": 1}
  {"opcode": "push", "arg": 5}
  {"opcode": "gt", "arg": null}
  {"opcode": "ld", "arg": null}
  {"opcode": "pop", "arg": null}
  {"opcode": "pop", "arg": null}
  {"opcode": "push", "arg": 1}
  {"opcode": "push", "arg": 6}
  {"opcode": "gt", "arg": null}
  {"opcode": "ld", "arg": null}
  {"opcode": "pop", "arg": null}
  {"opcode": "pop", "arg": null}
  {"opcode": "push", "arg": 1}
  {"opcode": "push", "arg": 7}
  {"opcode": "gt", "arg": null}
  {"opcode": "ld", "arg": null}
  {"opcode": "pop", "arg": null}
  {"opcode": "pop", "arg": null}
  {"opcode": "push", "arg": 1}
  {"opcode": "push", "arg": 8}
  {"opcode": "gt", "arg": null}
  {"opcode": "ld", "arg": null}
  {"opcode": "pop", "arg": null}
  {"opcode": "pop", "arg": null}
  {"opcode": "push", "arg": 1}
  {"opcode": "push", "arg": 9}
  {"opcode": "gt", "arg": null}
  {"opcode": "ld", "arg": null}
  {"opcode": "pop", "arg": null}
  {"opcode": "pop", "arg": null}
  {"opcode": "push", "arg": 1}
  {"opcode": "push", "arg": 10}
  {"opcode": "gt", "arg": null}
  {"opcode": "ld", "arg": null}
  {"opcode": "pop", "arg": null}
  {"opcode": "pop", "arg": null}
  {"opcode": "push", "arg": 1}
  {"opcode": "push", "arg": 11}
  {"opcode": "gt", "arg": null}
  {"opcode": "ld", "arg": null}
  {"opcode": "pop", "arg": null}
  {"opcode": "pop", "arg": null}
  {"opcode": "push", "arg": 1}
  {"opcode": "push", "arg": 12}
  {"opcode": "gt", "arg": null}
  {"opcode": "ld", "arg": null}
  {"opcode": "pop", "arg": null}
  {"opcode": "pop", "arg": null}
  {"opcode": "hlt", "arg": null}
