source: |-
  (define sum3 0)
  (define sum5 0)
  (define sum15 0)

  (define i 0)
  (loop
      (< i 1000)
      (
          (setq sum3 (+ sum3 i))
          (setq i (+ i 3))
      )
  )

  (define t 0)
  (loop
      (< t 1000)
      (
          (setq sum5 (+ sum5 t))
          (setq t (+ t 5))
      )
  )

  (define l 0)
  (loop
      (< l 1000)
      (
          (setq sum15 (+ sum15 l))
          (setq l (+ l 15))
      )
  )

  (define total_sum (- (+ sum3 sum5) sum15))
  (write total_sum)
code: |
  {"opcode": "push", "arg": 2}
  {"opcode": "push", "arg": 0}
  {"opcode": "ld", "arg": null}
  {"opcode": "pop", "arg": null}
  {"opcode": "pop", "arg": null}
  {"opcode": "push", "arg": 3}
  {"opcode": "push", "arg": 0}
  {"opcode": "ld", "arg": null}
  {"opcode": "pop", "arg": null}
  {"opcode": "pop", "arg": null}
  {"opcode": "push", "arg": 4}
  {"opcode": "push", "arg": 0}
  {"opcode": "ld", "arg": null}
  {"opcode": "pop", "arg": null}
  {"opcode": "pop", "arg": null}
  {"opcode": "push", "arg": 5}
  {"opcode": "push", "arg": 0}
  {"opcode": "ld", "arg": null}
  {"opcode": "pop", "arg": null}
  {"opcode": "pop", "arg": null}
  {"opcode": "push", "arg": 5}
  {"opcode": "gt", "arg": null}
  {"opcode": "push", "arg": 1000}
  {"opcode": "blt", "arg": null}
  {"opcode": "jz", "arg": 44}
  {"opcode": "pop", "arg": null}
  {"opcode": "push", "arg": 2}
  {"opcode": "push", "arg": 2}
  {"opcode": "gt", "arg": null}
  {"opcode": "push", "arg": 5}
  {"opcode": "gt", "arg": null}
  {"opcode": "add", "arg": null}
  {"opcode": "ld", "arg": null}
  {"opcode": "pop", "arg": null}
  {"opcode": "pop", "arg": null}
  {"opcode": "push", "arg": 5}
  {"opcode": "push", "arg": 5}
  {"opcode": "gt", "arg": null}
  {"opcode": "push", "arg": 3}
  {"opcode": "add", "arg": null}
  {"opcode": "ld", "arg": null}
  {"opcode": "pop", "arg": null}
  {"opcode": "pop", "arg": null}
  {"opcode": "jump", "arg": 20}
  {"opcode": "pop", "arg": null}
  {"opcode": "push", "arg": 6}
  {"opcode": "push", "arg": 0}
  {"opcode": "ld", "arg": null}
  {"opcode": "pop", "arg": null}
  {"opcode": "pop", "arg": null}
  {"opcode": "push", "arg": 6}
  {"opcode": "gt", "arg": null}
  {"opcode": "push", "arg": 1000}
  {"opcode": "blt", "arg": null}
  {"opcode": "jz", "arg": 74}
  {"opcode": "pop", "arg": null}
  {"opcode": "push", "arg": 3}
  {"opcode": "push", "arg": 3}
  {"opcode": "gt", "arg": null}
  {"opcode": "push", "arg": 6}
  {"opcode": "gt", "arg": null}
  {"opcode": "add", "arg": null}
  {"opcode": "ld", "arg": null}
  {"opcode": "pop", "arg": null}
  {"opcode": "pop", "arg": null}
  {"opcode": "push", "arg": 6}
  {"opcode": "push", "arg": 6}
  {"opcode": "gt", "arg": null}
  {"opcode": "push", "arg": 5}
  {"opcode": "add", "arg": null}
  {"opcode": "ld", "arg": null}
  {"opcode": "pop", "arg": null}
  {"opcode": "pop", "arg": null}
  {"opcode": "jump", "arg": 50}
  {"opcode": "pop", "arg": null}
  {"opcode": "push", "arg": 7}
  {"opcode": "push", "arg": 0}
  {"opcode": "ld", "arg": null}
  {"opcode": "pop", "arg": null}
  {"opcode": "pop", "arg": null}
  {"opcode": "push", "arg": 7}
  {"opcode": "gt", "arg": null}
  {"opcode": "push", "arg": 1000}
  {"opcode": "blt", "arg": null}
  {"opcode": "jz", "arg": 104}
  {"opcode": "pop", "arg": null}
  {"opcode": "push", "arg": 4}
  {"opcode": "push", "arg": 4}
  {"opcode": "gt", "arg": null}
  {"opcode": "push", "arg": 7}
  {"opcode": "gt", "arg": null}
  {"opcode": "add", "arg": null}
  {"opcode": "ld", "arg": null}
  {"opcode": "pop", "arg": null}
  {"opcode": "pop", "arg": null}
  {"opcode": "push", "arg": 7}
  {"opcode": "push", "arg": 7}
  {"opcode": "gt", "arg": null}
  {"opcode": "push", "arg": 15}
  {"opcode": "add", "arg": null}
  {"opcode": "ld", "arg": null}
  {"opcode": "pop", "arg": null}
  {"opcode": "pop", "arg": null}
  {"opcode": "jump", "arg": 80}
  {"opcode": "pop", "arg": null}
  {"opcode": "push", "arg": 8}
  {"opcode": "push", "arg": 2}
  {"opcode": "gt", "arg": null}
  {"opcode": "push", "arg": 3}
  {"opcode": "gt", "arg": null}
  {"opcode": "add", "arg": null}
  {"opcode": "push", "arg": 4}
  {"opcode": "gt", "arg": null}
  {"opcode": "sub", "arg": null}
  {"opcode": "ld", "arg": null}
  {"opcode": "pop", "arg": null}
  {"opcode": "pop", "arg": null}
  {"opcode": "push", "arg": 1}
  {"opcode": "push", "arg": 8}
  {"opcode": "gt", "arg": null}
  {"opcode": "ld", "arg": null}
  {"opcode": "pop", "arg": null}
  {"opcode": "pop", "arg": null}
  {"opcode": "hlt", "arg": null}
